[STARTED] Backing up original state...
[COMPLETED] Backed up original state in git stash (d975de097e)
[STARTED] Running tasks for staged files...
[STARTED] Config object — 740 files (chunk 1/7)...
[STARTED] Config object — 740 files (chunk 2/7)...
[STARTED] Config object — 740 files (chunk 3/7)...
[STARTED] Config object — 740 files (chunk 4/7)...
[STARTED] Config object — 739 files (chunk 5/7)...
[STARTED] Config object — 739 files (chunk 6/7)...
[STARTED] Config object — 739 files (chunk 7/7)...
[STARTED] * — 740 files
[STARTED] * — 740 files
[STARTED] * — 740 files
[STARTED] * — 740 files
[STARTED] * — 739 files
[STARTED] * — 739 files
[STARTED] * — 739 files
[STARTED] vp fmt --no-error-on-unmatched-pattern
[STARTED] vp fmt --no-error-on-unmatched-pattern
[STARTED] vp fmt --no-error-on-unmatched-pattern
[STARTED] vp fmt --no-error-on-unmatched-pattern
[STARTED] vp fmt --no-error-on-unmatched-pattern
[STARTED] vp fmt --no-error-on-unmatched-pattern
[STARTED] vp fmt --no-error-on-unmatched-pattern
[COMPLETED] vp fmt --no-error-on-unmatched-pattern
[COMPLETED] * — 740 files
[COMPLETED] Config object — 740 files (chunk 3/7)...
[COMPLETED] vp fmt --no-error-on-unmatched-pattern
[COMPLETED] * — 740 files
[COMPLETED] Config object — 740 files (chunk 4/7)...
[COMPLETED] vp fmt --no-error-on-unmatched-pattern
[COMPLETED] * — 740 files
[COMPLETED] Config object — 740 files (chunk 2/7)...
[COMPLETED] vp fmt --no-error-on-unmatched-pattern
[COMPLETED] * — 740 files
[COMPLETED] Config object — 740 files (chunk 1/7)...
[COMPLETED] vp fmt --no-error-on-unmatched-pattern
[COMPLETED] * — 739 files
[COMPLETED] Config object — 739 files (chunk 5/7)...
[COMPLETED] vp fmt --no-error-on-unmatched-pattern
[COMPLETED] * — 739 files
[COMPLETED] Config object — 739 files (chunk 6/7)...
[COMPLETED] vp fmt --no-error-on-unmatched-pattern
[COMPLETED] * — 739 files
[COMPLETED] Config object — 739 files (chunk 7/7)...
[COMPLETED] Running tasks for staged files...
[STARTED] Applying modifications from tasks...
[COMPLETED] Applying modifications from tasks...
[STARTED] Cleaning up temporary files...
[COMPLETED] Cleaning up temporary files...
Recorded resolution for '.github/workflows/ci.yml'.
Recorded resolution for '.github/workflows/mobile-eas-production.yml'.
Recorded resolution for '.github/workflows/release.yml'.
Recorded resolution for '.gitignore'.
Recorded resolution for 'apps/mobile/src/features/threads/ThreadComposer.tsx'.
Recorded resolution for 'apps/mobile/src/state/thread-outbox.test.ts'.
Recorded resolution for 'apps/mobile/src/state/use-thread-composer-state.ts'.
Recorded resolution for 'apps/server/src/orchestration/Layers/ProviderCommandReactor.test.ts'.
Recorded resolution for 'apps/server/src/orchestration/Layers/ProviderCommandReactor.ts'.
Recorded resolution for 'apps/web/src/components/ChatView.tsx'.
Recorded resolution for 'apps/web/src/components/chat/ChatComposer.tsx'.
Recorded resolution for 'apps/web/src/components/chat/ComposerPendingUserInputPanel.tsx'.
Recorded resolution for 'apps/web/src/composerDraftStore.ts'.
Recorded resolution for 'pnpm-lock.yaml'.
Recorded resolution for 'scripts/build-desktop-artifact.ts'.
[main 8ae611b3a5] chore: merge upstream main and adapt Pi integration
