[1m[2mnote:[0m[0m You are running [94m`vp test`[39m as a Vite+ built-in command. If you meant to run the test npm script, use [94m`vpr test`[39m instead.

 RUN  v4.1.11 /workspace/t3code-pi

(node:101530) ExperimentalWarning: SQLite is an experimental feature and might change at any time
(Use `node --trace-warnings ...` to show where the warning was created)
stdout | apps/server/src/orchestration/Layers/ProviderCommandReactor.test.ts > ProviderCommandReactor > routes the legacy compact command through guarded, correlated turns
[13:06:46.127] INFO (#2603): Migrations ran successfully {
  migrations: [
    '1_OrchestrationEvents',
    '2_OrchestrationCommandReceipts',
    '3_CheckpointDiffBlobs',
    '4_ProviderSessionRuntime',
    '5_Projections',
    '6_ProjectionThreadSessionRuntimeModeColumns',
    '7_ProjectionThreadMessageAttachments',
    '8_ProjectionThreadActivitySequence',
    '9_ProviderSessionRuntimeMode',
    '10_ProjectionThreadsRuntimeMode',
    '11_OrchestrationThreadCreatedRuntimeMode',
    '12_ProjectionThreadsInteractionMode',
    '13_ProjectionThreadProposedPlans',
    '14_ProjectionThreadProposedPlanImplementation',
    '15_ProjectionTurnsSourceProposedPlan',
    '16_CanonicalizeModelSelections',
    '17_ProjectionThreadsArchivedAt',
    '18_ProjectionThreadsArchivedAtIndex',
    '19_ProjectionSnapshotLookupIndexes',
    '20_AuthAccessManagement',
    '21_AuthSessionClientMetadata',
    '22_AuthSessionLastConnectedAt',
    '23_ProjectionThreadShellSummary',
    '24_BackfillProjectionThreadShellSummary',
    '25_CleanupInvalidProjectionPendingApprovals',
    '26_CanonicalizeModelSelectionOptions',
    '27_ProviderSessionRuntimeInstanceId',
    '28_ProjectionThreadSessionInstanceId',
    '29_ProjectionThreadDetailOrderingIndexes',
    '30_ProjectionThreadShellArchiveIndexes',
    '31_AuthAuthorizationScopes',
    '32_AuthPairingProofKeyThumbprint',
    '33_ProjectionThreadsSettled',
    '34_ProjectionThreadsSnoozed',
    '35_ProjectionThreadTitleRegeneration',
    '36_ProjectionThreadsPinned',
    '37_ProjectionTurnsKeysetIndex',
    '38_ProjectionThreadsPinOrderKey',
    '39_ProjectionProjectsDefaultThreadEnvMode',
    '40_ProjectionProjectFaviconPath',
    '41_AuthSessionClientConnection',
    '42_ProjectionThreadLinkedPullRequest',
    '43_ProjectionThreadsUnsettledAt',
    '44_ClearAutomaticProjectModelDefaults',
    '45_ProjectionProjectsAutoPull',
    '46_RepairAutomaticSettlementTimestamps',
    '47_ProjectionProjectIcon',
    '48_ProjectionThreadBranchPullRequest',
    '49_ProjectionThreadsActiveOrderKey'
  ]
}

stdout | apps/server/src/orchestration/Layers/ProviderCommandReactor.test.ts > ProviderCommandReactor > routes the legacy compact command through guarded, correlated turns
[13:06:46.154] ERROR (#2589): Error [AssertionError]: expected [] to deeply equal ArrayContaining{…}
    at Array.<anonymous> (/workspace/t3code-pi/apps/server/src/orchestration/Layers/ProviderCommandReactor.test.ts:994:34) {
  actual: [],
  expected: ArrayContaining {
    '$$typeof': Symbol(jest.asymmetricMatcher),
    sample: [ [ObjectContaining] ],
    inverse: false
  },
  showDiff: true,
  operator: 'deepStrictEqual',
  [cause]: undefined
}

 ❯ apps/server/src/orchestration/Layers/ProviderCommandReactor.test.ts (63 tests | 1 failed) 8270ms
     × routes the legacy compact command through guarded, correlated turns 68ms

⎯⎯⎯⎯⎯⎯⎯ Failed Tests 1 ⎯⎯⎯⎯⎯⎯⎯

 FAIL  apps/server/src/orchestration/Layers/ProviderCommandReactor.test.ts > ProviderCommandReactor > routes the legacy compact command through guarded, correlated turns
AssertionError: expected [] to deeply equal ArrayContaining{…}

- Expected
+ Received

- ArrayContaining [
-   ObjectContaining {
-     "kind": "provider.turn.start.failed",
-     "payload": ObjectContaining {
-       "requestId": "compact:cmd-direct-compact",
-     },
-   },
- ]
+ []

 ❯ Array.<anonymous> apps/server/src/orchestration/Layers/ProviderCommandReactor.test.ts:994:34
    992|         ]),
    993|       );
    994|       expect(thread?.activities).toEqual(
       |                                  ^
    995|         expect.arrayContaining([
    996|           expect.objectContaining({
 ❯ Object.~effect/Effect/successCont node_modules/.pnpm/effect@4.0.0-rc.112_patch_hash=200b70758a8f02f5a4e6a4abea5f0079ad36fe9c2006486ebaf6ab1002a38320/node_modules/effect/src/internal/effect.ts:1365:25
 ❯ Object.~effect/Effect/evaluate node_modules/.pnpm/effect@4.0.0-rc.112_patch_hash=200b70758a8f02f5a4e6a4abea5f0079ad36fe9c2006486ebaf6ab1002a38320/node_modules/effect/src/internal/core.ts:514:30
 ❯ FiberImpl.runLoop node_modules/.pnpm/effect@4.0.0-rc.112_patch_hash=200b70758a8f02f5a4e6a4abea5f0079ad36fe9c2006486ebaf6ab1002a38320/node_modules/effect/src/internal/effect.ts:655:39
 ❯ FiberImpl.evaluate node_modules/.pnpm/effect@4.0.0-rc.112_patch_hash=200b70758a8f02f5a4e6a4abea5f0079ad36fe9c2006486ebaf6ab1002a38320/node_modules/effect/src/internal/effect.ts:607:22
 ❯ node_modules/.pnpm/effect@4.0.0-rc.112_patch_hash=200b70758a8f02f5a4e6a4abea5f0079ad36fe9c2006486ebaf6ab1002a38320/node_modules/effect/src/internal/effect.ts:1121:14
 ❯ node_modules/.pnpm/effect@4.0.0-rc.112_patch_hash=200b70758a8f02f5a4e6a4abea5f0079ad36fe9c2006486ebaf6ab1002a38320/node_modules/effect/src/internal/effect.ts:1056:13

⎯⎯⎯⎯⎯⎯⎯⎯⎯⎯⎯⎯⎯⎯⎯⎯⎯⎯⎯⎯⎯⎯⎯⎯[1/1]⎯


 Test Files  1 failed | 1 passed (2)
      Tests  1 failed | 67 passed (68)
   Start at  13:05:38
   Duration  74.50s (transform 10.90s, setup 291ms, import 66.82s, tests 8.28s, environment 0ms)

