f5e99e9d89 feat(pi): add Pi provider integration: reused verified resolutions for 4 files
dapter.integration.test.ts
 create mode 100644 apps/server/src/provider/Layers/PiAdapter.test.ts
 create mode 100644 apps/server/src/provider/Layers/PiAdapter.ts
 create mode 100644 apps/server/src/provider/Layers/PiProvider.test.ts
 create mode 100644 apps/server/src/provider/Layers/PiProvider.ts
 create mode 100644 apps/server/src/provider/Layers/PiRpcClient.test.ts
 create mode 100644 apps/server/src/provider/Layers/PiRpcClient.ts
 create mode 100644 apps/server/src/provider/PI_RPC.md
 create mode 100644 apps/server/src/provider/Services/PiAdapter.ts
 create mode 100644 apps/server/src/provider/assets/pi/t3-approvals.test.ts
 create mode 100644 apps/server/src/provider/assets/pi/t3-approvals.ts
 create mode 100644 apps/server/src/textGeneration/PiTextGeneration.test.ts
 create mode 100644 apps/server/src/textGeneration/PiTextGeneration.ts
 create mode 100644 apps/web/src/components/chat/ContextWindowMeter.test.ts
 create mode 100644 docs/user/pi.md
 create mode 100644 packages/contracts/src/model.test.ts
Rebasing (2/36)
Rebasing (3/36)
Auto-merging apps/desktop/src/updates/DesktopUpdates.ts
Auto-merging scripts/build-desktop-artifact.test.ts
Auto-merging scripts/build-desktop-artifact.ts
CONFLICT (content): Merge conflict in scripts/build-desktop-artifact.ts
error: could not apply 79958bf6e1... perf(desktop): speed up update installation
hint: Resolve all conflicts manually, mark them as resolved with
hint: "git add/rm <conflicted_files>", then run "git rebase --continue".
hint: You can instead skip this commit: run "git rebase --skip".
hint: To abort and get back to the state before "git rebase", run "git rebase --abort".
Resolved 'scripts/build-desktop-artifact.ts' using previous resolution.
Could not apply 79958bf6e1... perf(desktop): speed up update installation

79958bf6e1 perf(desktop): speed up update installation: reused verified resolutions for 1 files
[detached HEAD 427dc653c0] perf(desktop): speed up update installation
 5 files changed, 55 insertions(+), 1 deletion(-)
 create mode 100644 apps/server/vite.config.test.ts
 create mode 100644 scripts/lib/desktop-server-dependencies.ts
Rebasing (4/36)
Auto-merging .github/workflows/ci.yml
Auto-merging .github/workflows/deploy-relay.yml
Auto-merging .github/workflows/mobile-eas-production.yml
CONFLICT (content): Merge conflict in .github/workflows/mobile-eas-production.yml
Auto-merging .github/workflows/release.yml
CONFLICT (content): Merge conflict in .github/workflows/release.yml
error: could not apply 908544dcaa... ci: add fork build and release automation
hint: Resolve all conflicts manually, mark them as resolved with
hint: "git add/rm <conflicted_files>", then run "git rebase --continue".
hint: You can instead skip this commit: run "git rebase --skip".
hint: To abort and get back to the state before "git rebase", run "git rebase --abort".
Resolved '.github/workflows/mobile-eas-production.yml' using previous resolution.
Recorded preimage for '.github/workflows/release.yml'
Could not apply 908544dcaa... ci: add fork build and release automation

908544dcaa ci: add fork build and release automation: reused verified resolutions for 2 files
Recorded resolution for '.github/workflows/release.yml'.
[detached HEAD 1b8f6da202] ci: add fork build and release automation
 8 files changed, 905 insertions(+), 645 deletions(-)
 create mode 100644 .github/workflows/desktop-build.yml
 create mode 100644 .github/workflows/sync-upstream.yml
Rebasing (5/36)
Rebasing (6/36)
Rebasing (7/36)
Rebasing (8/36)
Rebasing (9/36)
Rebasing (10/36)
Rebasing (11/36)
Rebasing (12/36)
Rebasing (13/36)
Rebasing (14/36)
Rebasing (15/36)
Rebasing (16/36)
Rebasing (17/36)
Rebasing (18/36)
Rebasing (19/36)
Rebasing (20/36)
Rebasing (21/36)
Rebasing (22/36)
Auto-merging apps/web/src/components/ChatView.tsx
Auto-merging apps/web/src/composerDraftStore.test.ts
Auto-merging apps/web/src/composerDraftStore.ts
CONFLICT (content): Merge conflict in apps/web/src/composerDraftStore.ts
Auto-merging apps/web/src/session-logic.test.ts
Auto-merging apps/web/src/session-logic.ts
error: could not apply 4985697624... fix(pi): keep internal state out of composer drafts
hint: Resolve all conflicts manually, mark them as resolved with
hint: "git add/rm <conflicted_files>", then run "git rebase --continue".
hint: You can instead skip this commit: run "git rebase --skip".
hint: To abort and get back to the state before "git rebase", run "git rebase --abort".
Resolved 'apps/web/src/composerDraftStore.ts' using previous resolution.
Could not apply 4985697624... fix(pi): keep internal state out of composer drafts

4985697624 fix(pi): keep internal state out of composer drafts: reused verified resolutions for 1 files
[detached HEAD aea2d52574] fix(pi): keep internal state out of composer drafts
 7 files changed, 30 insertions(+), 12 deletions(-)
 create mode 100644 apps/web/src/piEditorText.ts
Rebasing (23/36)
Rebasing (24/36)
Rebasing (25/36)
Rebasing (26/36)
Rebasing (27/36)
Rebasing (28/36)
Rebasing (29/36)
Auto-merging .github/workflows/ci.yml
CONFLICT (content): Merge conflict in .github/workflows/ci.yml
Auto-merging apps/server/src/orchestration/Layers/ProviderCommandReactor.ts
CONFLICT (content): Merge conflict in apps/server/src/orchestration/Layers/ProviderCommandReactor.ts
Auto-merging apps/server/src/provider/Layers/ProviderService.ts
Auto-merging apps/web/src/components/chat/ComposerPrimaryActions.test.tsx
Auto-merging apps/web/src/components/chat/ComposerPrimaryActions.tsx
Auto-merging apps/web/src/session-logic.test.ts
error: could not apply 43a0f6d1f7... fix(pi): reconcile integration with upstream changes
hint: Resolve all conflicts manually, mark them as resolved with
hint: "git add/rm <conflicted_files>", then run "git rebase --continue".
hint: You can instead skip this commit: run "git rebase --skip".
hint: To abort and get back to the state before "git rebase", run "git rebase --abort".
Recorded preimage for '.github/workflows/ci.yml'
Recorded preimage for 'apps/server/src/orchestration/Layers/ProviderCommandReactor.ts'
Could not apply 43a0f6d1f7... fix(pi): reconcile integration with upstream changes

43a0f6d1f7 fix(pi): reconcile integration with upstream changes: reused verified resolutions for 2 files
Recorded resolution for '.github/workflows/ci.yml'.
Recorded resolution for 'apps/server/src/orchestration/Layers/ProviderCommandReactor.ts'.
[detached HEAD 5356e4d6a8] fix(pi): reconcile integration with upstream changes
 17 files changed, 72 insertions(+), 546 deletions(-)
 delete mode 100644 .github/workflows/cursor-hygiene-webhook.yml
 delete mode 100644 .github/workflows/windows-tests.yml
 delete mode 100644 apps/web/src/components/chat/ContextWindowMeter.test.ts
Rebasing (30/36)
Rebasing (31/36)
Rebasing (32/36)
Auto-merging pnpm-lock.yaml
CONFLICT (content): Merge conflict in pnpm-lock.yaml
error: could not apply 91b4dc57bc... fix(ci): refresh lockfile after upstream sync
hint: Resolve all conflicts manually, mark them as resolved with
hint: "git add/rm <conflicted_files>", then run "git rebase --continue".
hint: You can instead skip this commit: run "git rebase --skip".
hint: To abort and get back to the state before "git rebase", run "git rebase --abort".
Resolved 'pnpm-lock.yaml' using previous resolution.
Could not apply 91b4dc57bc... fix(ci): refresh lockfile after upstream sync

91b4dc57bc fix(ci): refresh lockfile after upstream sync: reused verified resolutions for 1 files
[detached HEAD 18e3d3d608] fix(ci): refresh lockfile after upstream sync
 1 file changed, 757 insertions(+), 68 deletions(-)
Rebasing (33/36)
Auto-merging apps/web/src/components/chat/ChatComposer.tsx
CONFLICT (content): Merge conflict in apps/web/src/components/chat/ChatComposer.tsx
error: could not apply 7a5299aedb... fix(pi): preserve composer delivery controls after sync
hint: Resolve all conflicts manually, mark them as resolved with
hint: "git add/rm <conflicted_files>", then run "git rebase --continue".
hint: You can instead skip this commit: run "git rebase --skip".
hint: To abort and get back to the state before "git rebase", run "git rebase --abort".
Recorded preimage for 'apps/web/src/components/chat/ChatComposer.tsx'
Could not apply 7a5299aedb... fix(pi): preserve composer delivery controls after sync

7a5299aedb fix(pi): preserve composer delivery controls after sync: reused verified resolutions for 1 files
/src/state/use-thread-composer-state.ts
Auto-merging apps/mobile/src/state/use-thread-outbox-drain.test.ts
Auto-merging apps/mobile/src/state/use-thread-outbox-drain.ts
Auto-merging apps/server/src/orchestration/Layers/ProviderCommandReactor.test.ts
CONFLICT (content): Merge conflict in apps/server/src/orchestration/Layers/ProviderCommandReactor.test.ts
Auto-merging apps/server/src/orchestration/Layers/ProviderCommandReactor.ts
Auto-merging apps/server/src/orchestration/decider.ts
Auto-merging apps/web/src/components/ChatView.tsx
CONFLICT (content): Merge conflict in apps/web/src/components/ChatView.tsx
Auto-merging apps/web/src/components/chat/ChatComposer.tsx
CONFLICT (content): Merge conflict in apps/web/src/components/chat/ChatComposer.tsx
Auto-merging packages/client-runtime/package.json
error: could not apply 4de54e781b... feat(pi): improve message delivery, compaction and resource discovery
hint: Resolve all conflicts manually, mark them as resolved with
hint: "git add/rm <conflicted_files>", then run "git rebase --continue".
hint: You can instead skip this commit: run "git rebase --skip".
hint: To abort and get back to the state before "git rebase", run "git rebase --abort".
Resolved 'apps/mobile/src/features/threads/ThreadComposer.tsx' using previous resolution.
Resolved 'apps/mobile/src/state/thread-outbox.test.ts' using previous resolution.
Resolved 'apps/mobile/src/state/use-thread-composer-state.ts' using previous resolution.
Resolved 'apps/server/src/orchestration/Layers/ProviderCommandReactor.test.ts' using previous resolution.
Recorded preimage for 'apps/web/src/components/ChatView.tsx'
Recorded preimage for 'apps/web/src/components/chat/ChatComposer.tsx'
Could not apply 4de54e781b... feat(pi): improve message delivery, compaction and resource discovery

4de54e781b feat(pi): improve message delivery, compaction and resource discovery: reused verified resolutions for 6 files
Recorded resolution for 'apps/web/src/components/ChatView.tsx'.
Recorded resolution for 'apps/web/src/components/chat/ChatComposer.tsx'.
[detached HEAD e08dfcbf79] feat(pi): improve message delivery, compaction and resource discovery
 22 files changed, 1240 insertions(+), 266 deletions(-)
 create mode 100644 apps/server/src/provider/Drivers/PiDriver.test.ts
 create mode 100644 apps/server/src/provider/Layers/PiTurnUsage.test.ts
 create mode 100644 apps/server/src/provider/Layers/PiTurnUsage.ts
 create mode 100644 packages/client-runtime/src/state/compaction.test.ts
 create mode 100644 packages/client-runtime/src/state/compaction.ts
Rebasing (36/36)

[KSuccessfully rebased and updated refs/heads/main.

Rebase completed
