unwrapped exit=1
t3code-unwrapped-pnpm-deps> Mapping sha512-zRpUiDwd/xk6ADqPMATG8vc9VPrkck7T07OIx0gnjmJAnHnTVXNQG3vfvWNuiZIkwu9KrKdA1iJKfsfTVxE6NA==     buffer-equal-constant-time@1.0.1...
t3code-unwrapped-pnpm-deps> Mapping sha512-zTCVGpyFsGWBhllOyKlTw/vnr6D9qxsfSDyfbyZmTyjHw5N/VuvzHpHoQjm2ZJzn4RJgx5w4r7V0er69CmLgPQ==     @vitest/utils@4.1.11...
t3code-unwrapped-pnpm-deps> Mapping sha512-zV/5HKTfCeKWnxG0Dmrw51hEWFGfcF2xiXqcA3+J90WDuP0SvoiSO5ORvcBsifmx/FoIjgQN3oNOGaQ5PhLFkg==     gcp-metadata@8.1.2...
t3code-unwrapped-pnpm-deps> Mapping sha512-zXcwKlQApYAOELHd8PwKDFkagYF9Wy4e0RJ+0qnzl9Pjnpj75TEG8ufv40p2J7kCEfwZAsNiuzRIyNNMWT38ig==     @rolldown/binding-android-arm64@1.2.5...
t3code-unwrapped-pnpm-deps> Mapping sha512-zbB9rCJAT1rbjiVDb2hqKFHNYLxgtk8NURxZ3IZwD3F6NtxbXZQCnnSi1Lkx+IDohdPlFp222wVALIheZJQSEg==     ansi-styles@4.3.0...
t3code-unwrapped-pnpm-deps> Mapping sha512-zfdzgK9ACBNZLI/CyHTOx81SyNbM6YXn7rxSgX97VjyiPl9W1i4Ka4fgKECEoFCKGpvBj5qArWIGgQjOwkgskQ==     @esbuild/darwin-x64@0.28.1...
t3code-unwrapped-pnpm-deps> Mapping sha512-zgXFLzW3Ap33e6d0Wlj4MGIm6Ce8O89n/apUaGNB/jx+hw+ruWEp7EwGUshdLKVRCxZW12fp9r40E1mQrf/34g==     @protobufjs/codegen@2.0.5...
t3code-unwrapped-pnpm-deps> Mapping sha512-zl6s8LwNyo1P9uw+XJGvZtdFF1GdAkOg8ujOw+4Pyb76874fLps4ueHXDhXWdk6YHQ6OgUtinliG7RsYvCbbBg==     hast-util-to-jsx-runtime@2.3.6...
t3code-unwrapped-pnpm-deps> Mapping sha512-zo37mZA9hJWpULgkRpowewez1y6ML5GsXJPY8FI0tBBCd77HEvza4jDqRKOXgHNn867PVGCyTdzqpz0izu5ZjQ==     @modelcontextprotocol/sdk@1.29.0...
t3code-unwrapped-pnpm-deps> Mapping sha512-zpe98Q6kvavpCr1NPVSCMebCKfD7CA2NqZ+rykeNhONIJBpc1tFKt9hucLGwha3jNTNI8lHpctWJWoimVF4PfA==     micromark@4.0.2...
t3code-unwrapped-pnpm-deps> Mapping sha512-zqjjo7RatFfFoP0MkQ51jfuFZBnVE2pRiaydKJ1G/rHZvnsrHAOcQALIi9sA5co5xenQdTugCvtb1cuf78Vf4g==     @img/sharp-libvips-darwin-arm64@1.2.4...
t3code-unwrapped-pnpm-deps> Mapping sha512-zvb/mB2bSCoJOpoCBgYKKpX6YM6mJBlBUVUtVj41DlZJVEB6/0CKlRYxP5wWl1C1ILiCoAU5wZZ4q1P3qeS6Eg==     @esbuild/win32-ia32@0.28.1...
t3code-unwrapped-pnpm-deps> Mapping sha512-zwOTdL3rFQ/lRdBnntKVOX6k5cKJwEc1HdilT71BWEu7J41gXIB2MRp+vxduPSwZJPWBxEzv4yH1wYLJGUHX4Q==     jsonfile@6.2.1...
t3code-unwrapped-pnpm-deps> Mapping sha512-zx0EIq78WlY/lBb1uXlziZmDZI4ubcCXIMJ4uGjXzZW0nS19TjSPeXPAjzzTmKQlJUZm0SbmZhPKP7tuQ1SsEw==     @electron/fuses@1.8.0...
t3code-unwrapped-pnpm-deps> Mapping sha512-zymm5+u+sCsSWyD9qNaejV3DFvhCKclKdizYaJUuHA83RLjb7nSuGnddCHGv0hk+KY7BMAlsWeK4Ueg6EV6XQg==     is-fullwidth-code-point@3.0.0...
t3code-unwrapped-pnpm-deps> Mapping sha512-zzNR+SdQSDJzc8joaeP8QQoCQr8NuYx2dIIytl1QeBEZHJ9uW6hebsrYgbz8hJwUQao3TWCMtmfV8Nu1twOLAw==     @jridgewell/trace-mapping@0.3.31...
t3code-unwrapped-pnpm-deps> fixupPhase completed in 1 minutes 4 seconds
error: hash mismatch in fixed-output derivation '/nix/store/smvhyk443gaph446jw8apn8g1mkn4jy0-t3code-unwrapped-pnpm-deps.drv':
         specified: sha256-AAAAAAAAAAAAAAAAAAAAAAAAAAAAAAAAAAAAAAAAAAA=
            got:    sha256-IbnzswwnJ9DPNNAc1c7NUSxhj/O/L+VW5OPx/+uaJME=
server exit=1
t3code-server-pnpm-deps> Mapping sha512-zGelwFR5oRo+b69k8Lrzun86DyUHzfKN6cnjbR9l7Z7NIRznOE/2ZvPa1IUKqAL2PzAXOdwkfVqNvO1H2RlpAw==        @oxc-resolver/binding-linux-riscv64-gnu@11.24.2...
t3code-server-pnpm-deps> Mapping sha512-zRkxjtBxxLd2Sc0d+fbnEunsTj46SWXgXciZmHq0kDYGnck/ZSGj9/wULTV95uoeYiK5hRXP2mJ98Uo4cq/LQg==        micromark-factory-space@2.0.1...
t3code-server-pnpm-deps> Mapping sha512-zRpUiDwd/xk6ADqPMATG8vc9VPrkck7T07OIx0gnjmJAnHnTVXNQG3vfvWNuiZIkwu9KrKdA1iJKfsfTVxE6NA==        buffer-equal-constant-time@1.0.1...
t3code-server-pnpm-deps> Mapping sha512-zTCVGpyFsGWBhllOyKlTw/vnr6D9qxsfSDyfbyZmTyjHw5N/VuvzHpHoQjm2ZJzn4RJgx5w4r7V0er69CmLgPQ==        @vitest/utils@4.1.11...
t3code-server-pnpm-deps> Mapping sha512-zV/5HKTfCeKWnxG0Dmrw51hEWFGfcF2xiXqcA3+J90WDuP0SvoiSO5ORvcBsifmx/FoIjgQN3oNOGaQ5PhLFkg==        gcp-metadata@8.1.2...
t3code-server-pnpm-deps> Mapping sha512-zXcwKlQApYAOELHd8PwKDFkagYF9Wy4e0RJ+0qnzl9Pjnpj75TEG8ufv40p2J7kCEfwZAsNiuzRIyNNMWT38ig==        @rolldown/binding-android-arm64@1.2.5...
t3code-server-pnpm-deps> Mapping sha512-zbB9rCJAT1rbjiVDb2hqKFHNYLxgtk8NURxZ3IZwD3F6NtxbXZQCnnSi1Lkx+IDohdPlFp222wVALIheZJQSEg==        ansi-styles@4.3.0...
t3code-server-pnpm-deps> Mapping sha512-zfdzgK9ACBNZLI/CyHTOx81SyNbM6YXn7rxSgX97VjyiPl9W1i4Ka4fgKECEoFCKGpvBj5qArWIGgQjOwkgskQ==        @esbuild/darwin-x64@0.28.1...
t3code-server-pnpm-deps> Mapping sha512-zgXFLzW3Ap33e6d0Wlj4MGIm6Ce8O89n/apUaGNB/jx+hw+ruWEp7EwGUshdLKVRCxZW12fp9r40E1mQrf/34g==        @protobufjs/codegen@2.0.5...
t3code-server-pnpm-deps> Mapping sha512-zl6s8LwNyo1P9uw+XJGvZtdFF1GdAkOg8ujOw+4Pyb76874fLps4ueHXDhXWdk6YHQ6OgUtinliG7RsYvCbbBg==        hast-util-to-jsx-runtime@2.3.6...
t3code-server-pnpm-deps> Mapping sha512-zo37mZA9hJWpULgkRpowewez1y6ML5GsXJPY8FI0tBBCd77HEvza4jDqRKOXgHNn867PVGCyTdzqpz0izu5ZjQ==        @modelcontextprotocol/sdk@1.29.0...
t3code-server-pnpm-deps> Mapping sha512-zpe98Q6kvavpCr1NPVSCMebCKfD7CA2NqZ+rykeNhONIJBpc1tFKt9hucLGwha3jNTNI8lHpctWJWoimVF4PfA==        micromark@4.0.2...
t3code-server-pnpm-deps> Mapping sha512-zqjjo7RatFfFoP0MkQ51jfuFZBnVE2pRiaydKJ1G/rHZvnsrHAOcQALIi9sA5co5xenQdTugCvtb1cuf78Vf4g==        @img/sharp-libvips-darwin-arm64@1.2.4...
t3code-server-pnpm-deps> Mapping sha512-zvb/mB2bSCoJOpoCBgYKKpX6YM6mJBlBUVUtVj41DlZJVEB6/0CKlRYxP5wWl1C1ILiCoAU5wZZ4q1P3qeS6Eg==        @esbuild/win32-ia32@0.28.1...
t3code-server-pnpm-deps> Mapping sha512-zymm5+u+sCsSWyD9qNaejV3DFvhCKclKdizYaJUuHA83RLjb7nSuGnddCHGv0hk+KY7BMAlsWeK4Ueg6EV6XQg==        is-fullwidth-code-point@3.0.0...
t3code-server-pnpm-deps> Mapping sha512-zzNR+SdQSDJzc8joaeP8QQoCQr8NuYx2dIIytl1QeBEZHJ9uW6hebsrYgbz8hJwUQao3TWCMtmfV8Nu1twOLAw==        @jridgewell/trace-mapping@0.3.31...
t3code-server-pnpm-deps> fixupPhase completed in 57 seconds
error: hash mismatch in fixed-output derivation '/nix/store/bbg7pxdrng6ci8ph6jhhhiw1z6l1jd2x-t3code-server-pnpm-deps.drv':
         specified: sha256-AAAAAAAAAAAAAAAAAAAAAAAAAAAAAAAAAAAAAAAAAAA=
            got:    sha256-OxGgJh+hso9YUgP04puzl9choa7DHBB7SsE+kCIzznQ=
